{
  "passed": 14,
  "quotas": "8 fuel / 3 items / 3–4 bodies / native age-based Host count / 1 hearing",
  "records": [
    {
      "worldId": "ash-strata",
      "spaceId": "open-scars",
      "seed": 70421,
      "effectiveSeed": 70421,
      "age": "new",
      "enemies": 3,
      "paint": 5,
      "signature": "2404c5ac"
    },
    {
      "worldId": "crystal-fibre",
      "spaceId": "fracture-fields",
      "seed": 175150,
      "effectiveSeed": 175150,
      "age": "new",
      "enemies": 3,
      "paint": 3,
      "signature": "25d6e173"
    },
    {
      "worldId": "ivory-basin",
      "spaceId": "open-scars",
      "seed": 0,
      "effectiveSeed": 0,
      "age": "standard",
      "enemies": 4,
      "paint": 6,
      "signature": "fb21f74a"
    },
    {
      "worldId": "ash-strata",
      "spaceId": "open-scars",
      "seed": 5,
      "effectiveSeed": 5,
      "age": "ancient",
      "enemies": 3,
      "paint": 11,
      "signature": "25e637b4"
    },
    {
      "worldId": "ash-strata",
      "spaceId": "open-scars",
      "seed": 1000,
      "effectiveSeed": 1000,
      "age": "new",
      "enemies": 4,
      "paint": 3,
      "signature": "9f0908c1"
    },
    {
      "worldId": "ash-strata",
      "spaceId": "fracture-fields",
      "seed": 1000,
      "effectiveSeed": 1000,
      "age": "new",
      "enemies": 4,
      "paint": 3,
      "signature": "be34b17d"
    },
    {
      "worldId": "crystal-fibre",
      "spaceId": "open-scars",
      "seed": 1000,
      "effectiveSeed": 1000,
      "age": "new",
      "enemies": 4,
      "paint": 3,
      "signature": "4b7e6a06"
    },
    {
      "worldId": "crystal-fibre",
      "spaceId": "fracture-fields",
      "seed": 1000,
      "effectiveSeed": 1000,
      "age": "new",
      "enemies": 4,
      "paint": 3,
      "signature": "449b4b1e"
    },
    {
      "worldId": "ivory-basin",
      "spaceId": "open-scars",
      "seed": 1000,
      "effectiveSeed": 1000,
      "age": "new",
      "enemies": 4,
      "paint": 3,
      "signature": "72845dc8"
    },
    {
      "worldId": "ivory-basin",
      "spaceId": "fracture-fields",
      "seed": 1000,
      "effectiveSeed": 1000,
      "age": "new",
      "enemies": 4,
      "paint": 3,
      "signature": "c8ff11de"
    },
    {
      "worldId": "carmine-lacquer",
      "spaceId": "open-scars",
      "seed": 1000,
      "effectiveSeed": 1000,
      "age": "new",
      "enemies": 4,
      "paint": 3,
      "signature": "07719fe7"
    },
    {
      "worldId": "carmine-lacquer",
      "spaceId": "fracture-fields",
      "seed": 1000,
      "effectiveSeed": 1000,
      "age": "new",
      "enemies": 4,
      "paint": 3,
      "signature": "6d80382d"
    },
    {
      "worldId": "cobalt-gold",
      "spaceId": "open-scars",
      "seed": 1000,
      "effectiveSeed": 1000,
      "age": "new",
      "enemies": 4,
      "paint": 3,
      "signature": "ecec9088"
    },
    {
      "worldId": "cobalt-gold",
      "spaceId": "fracture-fields",
      "seed": 1000,
      "effectiveSeed": 1000,
      "age": "new",
      "enemies": 4,
      "paint": 3,
      "signature": "07a52d02"
    }
  ]
}
real 3.32
user 4.17
sys 0.09
